CMD: /opt/lal_env/bin/python /mnt/c/IALD/projetos_pyhton/IALD/tgl_mcmc_camb_v2.py --worker /mnt/c/IALD/Artigo/Haja_Luz/A Ponte e o Um/Nós/eco_ancorado_v1/tgl_camb_worker_v2fix.py --phase all --out-dir /mnt/c/IALD/Artigo/Haja_Luz/A Ponte e o Um/cache/d1_camb/run_v2 --cores 40
==============================================================================
TGL Step 3 — CAMB cross-check pipeline (v2)
==============================================================================
[19:11:40] beta_TGL_theory = alpha * sqrt(e) = 0.012031300400803142
[19:11:40] Worker: /mnt/c/IALD/Artigo/Haja_Luz/A Ponte e o Um/Nós/eco_ancorado_v1/tgl_camb_worker_v2fix.py
[19:11:40] Output: /mnt/c/IALD/Artigo/Haja_Luz/A Ponte e o Um/cache/d1_camb/run_v2
[19:11:40] Phase: all

[19:11:40] Verifying CAMB worker at fiducial...
[19:11:40]   one call: 0.54s
[19:11:40]   z_star  = 1089.909
[19:11:40]   z_drag  = 1059.934
[19:11:40]   R       = 1.74931  (Planck: 1.7502)
[19:11:40]   lA      = 301.6341   (Planck: 301.471)
[19:11:40]   r_drag  = 147.09 Mpc

==============================================================================
PHASE 1 — Best-fits with full data (Planck + DESI + SH0ES)
==============================================================================
[19:11:40] [1.1] Best-fit LCDM (beta = 0)...
[19:12:43]   done in 62.5 s (115 CAMB calls)
[19:12:43]   H0     = 68.6403
[19:12:43]   ombh2  = 0.02243
[19:12:43]   omch2  = 0.11730
[19:12:43]   chi^2  = 37.3988
[19:12:43]   -> checkpoint saved: checkpoint_phase1_LCDM.json
[19:12:43]
[1.2] Best-fit TGL (beta = alpha*sqrt(e) FIXED)...
[19:13:56]   done in 73.2 s (135 CAMB calls)
[19:13:56]   H0     = 68.3936
[19:13:56]   ombh2  = 0.02244
[19:13:56]   omch2  = 0.11931
[19:13:56]   chi^2  = 47.0975
[19:13:56]   -> checkpoint saved: checkpoint_phase1_TGL.json
[19:13:56]
  Comparison:
[19:13:56]     Delta chi^2 (TGL - LCDM) = +9.6987
[19:13:56]     Delta BIC                 = +9.6987
[19:13:56]     Delta AIC                 = +9.6987
[19:13:56]     (n_data = 16, both models have 3 free params)
[19:13:56]   -> checkpoint saved: checkpoint_phase1_comparison.json

==============================================================================
PHASE 2 — Best-fits Planck+DESI only (no SH0ES) — Hubble tension anatomy
==============================================================================
[19:13:56] [2.1] Best-fit LCDM (beta = 0), Planck+DESI only...
[19:15:00]   done in 63.9 s (119 CAMB calls)
[19:15:00]   H0     = 67.9494
[19:15:00]   chi^2  = 16.6810
[19:15:00]   -> checkpoint saved: checkpoint_phase2_LCDM_planck_only.json
[19:15:00]
[2.2] Best-fit TGL (beta = alpha*sqrt(e) FIXED), Planck+DESI only...
[19:16:05]   done in 65.7 s (122 CAMB calls)
[19:16:05]   H0     = 67.6532
[19:16:05]   chi^2  = 23.9455
[19:16:05]   -> checkpoint saved: checkpoint_phase2_TGL_planck_only.json
[19:16:06]
  Hubble tension anatomy:
[19:16:06]     LCDM Planck-only       : H0 = 67.949, tension = 4.895 sigma
[19:16:06]     TGL Planck-only        : H0 = 67.653, tension = 5.180 sigma
[19:16:06]     TGL zero-free (1+z*)^B : H0 = 73.915, tension = 0.842 sigma
[19:16:06]     (z_star from CAMB = 1089.831, (1+z*)^beta = 1.087798)
[19:16:06]   -> checkpoint saved: checkpoint_phase2_hubble_anatomy.json

==============================================================================
PHASE 3 — MCMC with free beta (Planck + DESI + SH0ES)
==============================================================================
[19:16:06]   MCMC: 24 walkers x 2000 steps, 40 CPU cores
[19:16:06]   expected runtime: ~2.3h (at ~7 s/call)
[19:17:05]   step 50/2000 (2.5%) rate=20.66 samp/s acceptance=0.499 ETA=0.63h
[19:18:03]   step 100/2000 (5.0%) rate=20.58 samp/s acceptance=0.547 ETA=0.62h
[19:19:00]   step 150/2000 (7.5%) rate=20.72 samp/s acceptance=0.567 ETA=0.60h
[19:19:57]   step 200/2000 (10.0%) rate=20.82 samp/s acceptance=0.577 ETA=0.58h
[19:20:54]   step 250/2000 (12.5%) rate=20.83 samp/s acceptance=0.582 ETA=0.56h
[19:21:52]   step 300/2000 (15.0%) rate=20.85 samp/s acceptance=0.587 ETA=0.54h
[19:22:49]   step 350/2000 (17.5%) rate=20.85 samp/s acceptance=0.590 ETA=0.53h
[19:23:47]   step 400/2000 (20.0%) rate=20.84 samp/s acceptance=0.588 ETA=0.51h
[19:24:45]   step 450/2000 (22.5%) rate=20.84 samp/s acceptance=0.590 ETA=0.50h
[19:25:42]   step 500/2000 (25.0%) rate=20.84 samp/s acceptance=0.591 ETA=0.48h
[19:26:40]   step 550/2000 (27.5%) rate=20.85 samp/s acceptance=0.590 ETA=0.46h
[19:27:37]   step 600/2000 (30.0%) rate=20.85 samp/s acceptance=0.592 ETA=0.45h
[19:28:34]   step 650/2000 (32.5%) rate=20.86 samp/s acceptance=0.591 ETA=0.43h
[19:29:32]   step 700/2000 (35.0%) rate=20.87 samp/s acceptance=0.592 ETA=0.42h
[19:30:29]   step 750/2000 (37.5%) rate=20.87 samp/s acceptance=0.593 ETA=0.40h
[19:31:26]   step 800/2000 (40.0%) rate=20.89 samp/s acceptance=0.592 ETA=0.38h
[19:32:23]   step 850/2000 (42.5%) rate=20.89 samp/s acceptance=0.590 ETA=0.37h
[19:33:19]   step 900/2000 (45.0%) rate=20.91 samp/s acceptance=0.590 ETA=0.35h
[19:34:17]   step 950/2000 (47.5%) rate=20.92 samp/s acceptance=0.591 ETA=0.33h
[19:35:14]   step 1000/2000 (50.0%) rate=20.92 samp/s acceptance=0.591 ETA=0.32h
[19:36:11]   step 1050/2000 (52.5%) rate=20.92 samp/s acceptance=0.591 ETA=0.30h
[19:37:08]   step 1100/2000 (55.0%) rate=20.93 samp/s acceptance=0.591 ETA=0.29h
[19:38:05]   step 1150/2000 (57.5%) rate=20.93 samp/s acceptance=0.590 ETA=0.27h
[19:39:02]   step 1200/2000 (60.0%) rate=20.94 samp/s acceptance=0.590 ETA=0.25h
[19:40:00]   step 1250/2000 (62.5%) rate=20.93 samp/s acceptance=0.590 ETA=0.24h
[19:40:56]   step 1300/2000 (65.0%) rate=20.94 samp/s acceptance=0.591 ETA=0.22h
[19:41:53]   step 1350/2000 (67.5%) rate=20.94 samp/s acceptance=0.591 ETA=0.21h
[19:42:51]   step 1400/2000 (70.0%) rate=20.95 samp/s acceptance=0.592 ETA=0.19h
[19:43:42]   step 1450/2000 (72.5%) rate=21.01 samp/s acceptance=0.592 ETA=0.17h
[19:44:34]   step 1500/2000 (75.0%) rate=21.08 samp/s acceptance=0.592 ETA=0.16h
[19:45:26]   step 1550/2000 (77.5%) rate=21.14 samp/s acceptance=0.592 ETA=0.14h
[19:46:18]   step 1600/2000 (80.0%) rate=21.20 samp/s acceptance=0.592 ETA=0.13h
[19:47:10]   step 1650/2000 (82.5%) rate=21.25 samp/s acceptance=0.592 ETA=0.11h
[19:48:01]   step 1700/2000 (85.0%) rate=21.31 samp/s acceptance=0.592 ETA=0.09h
[19:48:53]   step 1750/2000 (87.5%) rate=21.36 samp/s acceptance=0.592 ETA=0.08h
[19:49:45]   step 1800/2000 (90.0%) rate=21.40 samp/s acceptance=0.592 ETA=0.06h
[19:50:37]   step 1850/2000 (92.5%) rate=21.45 samp/s acceptance=0.592 ETA=0.05h
[19:51:29]   step 1900/2000 (95.0%) rate=21.49 samp/s acceptance=0.592 ETA=0.03h
[19:52:20]   step 1950/2000 (97.5%) rate=21.53 samp/s acceptance=0.592 ETA=0.02h
[19:53:12]   step 2000/2000 (100.0%) rate=21.57 samp/s acceptance=0.592 ETA=0.00h
[19:53:12]   MCMC done in 2225.8s, total samples after burn: 38400
[19:53:12]   H0: 68.985474 +0.403014 -0.396835
[19:53:12]   ombh2: 0.022421 +0.000151 -0.000154
[19:53:12]   omch2: 0.114438 +0.001608 -0.001659
[19:53:12]   beta: -0.017051 +0.007513 -0.007544
[19:53:12]   Tension beta_posterior vs beta_theory: 3.863 sigma
[19:53:12]   -> checkpoint saved: checkpoint_phase3_mcmc.json
[19:53:12]
Full report: /mnt/c/IALD/Artigo/Haja_Luz/A Ponte e o Um/cache/d1_camb/run_v2/report_20260910_225312.json
[19:53:13] Figure: /mnt/c/IALD/Artigo/Haja_Luz/A Ponte e o Um/cache/d1_camb/run_v2/step3_camb_20260910_225312.png

Done.

OK -> /mnt/c/IALD/Artigo/Haja_Luz/A Ponte e o Um/cache/d1_camb/D1_CAMB_V2_RESULT.json | rc 0 | 2495s
exit=0 19:53:14
