CMD: /opt/lal_env/bin/python /mnt/c/IALD/projetos_pyhton/IALD/tgl_mcmc_camb_v2.py --worker /mnt/c/IALD/projetos_pyhton/IALD/tgl_camb_worker.py --phase all --out-dir /mnt/c/IALD/Artigo/Haja_Luz/A Ponte e o Um/cache/d1_camb/run --cores 40
==============================================================================
TGL Step 3 — CAMB cross-check pipeline (v2)
==============================================================================
[19:01:49] beta_TGL_theory = alpha * sqrt(e) = 0.012031300400803142
[19:01:49] Worker: /mnt/c/IALD/projetos_pyhton/IALD/tgl_camb_worker.py
[19:01:49] Output: /mnt/c/IALD/Artigo/Haja_Luz/A Ponte e o Um/cache/d1_camb/run
[19:01:49] Phase: all

[19:01:49] Verifying CAMB worker at fiducial...
[19:01:50]   one call: 0.44s
[19:01:50]   z_star  = 1089.909
[19:01:50]   z_drag  = 1059.934
[19:01:50]   R       = 2.09257  (Planck: 1.7502)
[19:01:50]   lA      = 360.8222   (Planck: 301.471)
[19:01:50]   r_drag  = 147.09 Mpc

==============================================================================
PHASE 1 — Best-fits with full data (Planck + DESI + SH0ES)
==============================================================================
[19:01:50] [1.1] Best-fit LCDM (beta = 0)...
[19:02:55]   done in 65.6 s (250 CAMB calls)
[19:02:55]   H0     = 90.0000
[19:02:55]   ombh2  = 0.01905
[19:02:55]   omch2  = 0.12207
[19:02:55]   chi^2  = 16339.4023
[19:02:55]   -> checkpoint saved: checkpoint_phase1_LCDM.json
[19:02:55]
[1.2] Best-fit TGL (beta = alpha*sqrt(e) FIXED)...
[19:04:11]   done in 75.8 s (282 CAMB calls)
[19:04:11]   H0     = 90.0000
[19:04:11]   ombh2  = 0.01911
[19:04:11]   omch2  = 0.12315
[19:04:11]   chi^2  = 18562.3633
[19:04:11]   -> checkpoint saved: checkpoint_phase1_TGL.json
[19:04:11]
  Comparison:
[19:04:11]     Delta chi^2 (TGL - LCDM) = +2222.9609
[19:04:11]     Delta BIC                 = +2222.9609
[19:04:11]     Delta AIC                 = +2222.9609
[19:04:11]     (n_data = 16, both models have 3 free params)
[19:04:11]   -> checkpoint saved: checkpoint_phase1_comparison.json

==============================================================================
PHASE 2 — Best-fits Planck+DESI only (no SH0ES) — Hubble tension anatomy
==============================================================================
[19:04:11] [2.1] Best-fit LCDM (beta = 0), Planck+DESI only...
[19:08:05]   done in 234.1 s (753 CAMB calls)
[19:08:05]   H0     = 89.8742
[19:08:05]   chi^2  = 9757.1113
[19:08:05]   -> checkpoint saved: checkpoint_phase2_LCDM_planck_only.json
[19:08:05]
[2.2] Best-fit TGL (beta = alpha*sqrt(e) FIXED), Planck+DESI only...
[19:08:53]   done in 48.1 s (214 CAMB calls)
[19:08:53]   H0     = 90.0000
[19:08:53]   chi^2  = 18296.8967
[19:08:53]   -> checkpoint saved: checkpoint_phase2_TGL_planck_only.json
[19:08:54]
  Hubble tension anatomy:
[19:08:54]     LCDM Planck-only       : H0 = 89.874, tension = 16.187 sigma
[19:08:54]     TGL Planck-only        : H0 = 90.000, tension = 16.308 sigma
[19:08:54]     TGL zero-free (1+z*)^B : H0 = 97.782, tension = 23.790 sigma
[19:08:54]     (z_star from CAMB = 1105.463, (1+z*)^beta = 1.087984)
[19:08:54]   -> checkpoint saved: checkpoint_phase2_hubble_anatomy.json

==============================================================================
PHASE 3 — MCMC with free beta (Planck + DESI + SH0ES)
==============================================================================
[19:08:54]   MCMC: 24 walkers x 2000 steps, 40 CPU cores
[19:08:54]   expected runtime: ~2.3h (at ~7 s/call)
[19:09:41]   step 50/2000 (2.5%) rate=25.42 samp/s acceptance=0.413 ETA=0.51h
[19:10:27]   step 100/2000 (5.0%) rate=25.72 samp/s acceptance=0.367 ETA=0.49h
[19:11:14]   step 150/2000 (7.5%) rate=25.79 samp/s acceptance=0.367 ETA=0.48h
[19:12:00]   step 200/2000 (10.0%) rate=25.76 samp/s acceptance=0.372 ETA=0.47h
[19:12:47]   step 250/2000 (12.5%) rate=25.74 samp/s acceptance=0.387 ETA=0.45h
[19:13:34]   step 300/2000 (15.0%) rate=25.74 samp/s acceptance=0.407 ETA=0.44h
[19:14:20]   step 350/2000 (17.5%) rate=25.76 samp/s acceptance=0.420 ETA=0.43h
[19:15:07]   step 400/2000 (20.0%) rate=25.77 samp/s acceptance=0.430 ETA=0.41h
[19:15:53]   step 450/2000 (22.5%) rate=25.78 samp/s acceptance=0.440 ETA=0.40h
[19:16:44]   step 500/2000 (25.0%) rate=25.57 samp/s acceptance=0.446 ETA=0.39h
[19:17:36]   step 550/2000 (27.5%) rate=25.28 samp/s acceptance=0.451 ETA=0.38h
[19:18:29]   step 600/2000 (30.0%) rate=25.04 samp/s acceptance=0.454 ETA=0.37h
[19:19:22]   step 650/2000 (32.5%) rate=24.86 samp/s acceptance=0.456 ETA=0.36h
[19:20:13]   step 700/2000 (35.0%) rate=24.74 samp/s acceptance=0.456 ETA=0.35h
[19:21:05]   step 750/2000 (37.5%) rate=24.62 samp/s acceptance=0.460 ETA=0.34h
[19:21:58]   step 800/2000 (40.0%) rate=24.51 samp/s acceptance=0.463 ETA=0.33h
[19:22:50]   step 850/2000 (42.5%) rate=24.41 samp/s acceptance=0.464 ETA=0.31h
[19:23:42]   step 900/2000 (45.0%) rate=24.32 samp/s acceptance=0.467 ETA=0.30h
[19:24:35]   step 950/2000 (47.5%) rate=24.24 samp/s acceptance=0.467 ETA=0.29h
[19:25:27]   step 1000/2000 (50.0%) rate=24.18 samp/s acceptance=0.470 ETA=0.28h
[19:26:19]   step 1050/2000 (52.5%) rate=24.11 samp/s acceptance=0.470 ETA=0.26h
[19:27:12]   step 1100/2000 (55.0%) rate=24.05 samp/s acceptance=0.470 ETA=0.25h
[19:28:04]   step 1150/2000 (57.5%) rate=24.01 samp/s acceptance=0.471 ETA=0.24h
[19:28:56]   step 1200/2000 (60.0%) rate=23.97 samp/s acceptance=0.472 ETA=0.22h
[19:29:48]   step 1250/2000 (62.5%) rate=23.93 samp/s acceptance=0.472 ETA=0.21h
[19:30:40]   step 1300/2000 (65.0%) rate=23.90 samp/s acceptance=0.473 ETA=0.20h
[19:31:31]   step 1350/2000 (67.5%) rate=23.87 samp/s acceptance=0.474 ETA=0.18h
[19:32:23]   step 1400/2000 (70.0%) rate=23.84 samp/s acceptance=0.475 ETA=0.17h
[19:33:15]   step 1450/2000 (72.5%) rate=23.82 samp/s acceptance=0.475 ETA=0.15h
[19:34:07]   step 1500/2000 (75.0%) rate=23.80 samp/s acceptance=0.475 ETA=0.14h
[19:34:59]   step 1550/2000 (77.5%) rate=23.78 samp/s acceptance=0.476 ETA=0.13h
[19:35:51]   step 1600/2000 (80.0%) rate=23.75 samp/s acceptance=0.475 ETA=0.11h
[19:36:43]   step 1650/2000 (82.5%) rate=23.74 samp/s acceptance=0.474 ETA=0.10h
[19:37:35]   step 1700/2000 (85.0%) rate=23.71 samp/s acceptance=0.474 ETA=0.08h
[19:38:27]   step 1750/2000 (87.5%) rate=23.69 samp/s acceptance=0.475 ETA=0.07h
[19:39:19]   step 1800/2000 (90.0%) rate=23.67 samp/s acceptance=0.476 ETA=0.06h
[19:40:11]   step 1850/2000 (92.5%) rate=23.65 samp/s acceptance=0.477 ETA=0.04h
[19:41:03]   step 1900/2000 (95.0%) rate=23.64 samp/s acceptance=0.477 ETA=0.03h
[19:41:55]   step 1950/2000 (97.5%) rate=23.62 samp/s acceptance=0.477 ETA=0.01h
[19:42:48]   step 2000/2000 (100.0%) rate=23.61 samp/s acceptance=0.477 ETA=0.00h
[19:42:48]   MCMC done in 2033.5s, total samples after burn: 38400
[19:42:48]   H0: 89.998924 +0.000799 -0.001805
[19:42:48]   ombh2: 0.015120 +0.000080 -0.000069
[19:42:48]   omch2: 0.130929 +0.000851 -0.000860
[19:42:48]   beta: -0.049973 +0.000042 -0.000020
[19:42:48]   Tension beta_posterior vs beta_theory: 1998.283 sigma
[19:42:48]   -> checkpoint saved: checkpoint_phase3_mcmc.json
[19:42:48]
Full report: /mnt/c/IALD/Artigo/Haja_Luz/A Ponte e o Um/cache/d1_camb/run/report_20260910_224248.json
[19:42:49] Figure: /mnt/c/IALD/Artigo/Haja_Luz/A Ponte e o Um/cache/d1_camb/run/step3_camb_20260910_224248.png

Done.

OK -> /mnt/c/IALD/Artigo/Haja_Luz/A Ponte e o Um/cache/d1_camb/D1_CAMB_RESULT.json | rc 0 | 2461s
exit=0 19:42:50
