  GW170817             tpl=IMRPhenomD | syn ratio 0.1/0.05/0.2 = 0.0101/0.0025/0.0385 | real: {'L1': 'raw 1.000 (c 0.00) wh 0.999 (c 0.04) off [np.float64(0.997), np.float64(0.998)]', 'H1': 'raw 1.000 (c 0.00) wh 0.987 (c 0.12) off [np.float64(0.996), np.float64(0.997)]'}
  GW150914             tpl=IMRPhenomD | syn ratio 0.1/0.05/0.2 = 0.0099/0.0024/0.0382 | real: {'L1': 'raw 0.999 (c 0.01) wh 0.982 (c 0.13) off [np.float64(0.998), np.float64(0.998)]', 'H1': 'raw 0.999 (c 0.01) wh 0.967 (c 0.18) off [np.float64(0.995), np.float64(0.998)]'}
  GW151012             tpl=IMRPhenomD | syn ratio 0.1/0.05/0.2 = 0.0102/0.0025/0.0393 | real: {'L1': 'raw 0.999 (c 0.03) wh 0.996 (c 0.06) off [np.float64(0.996), np.float64(0.998)]', 'H1': 'raw 1.000 (c 0.02) wh 0.997 (c 0.05) off [np.float64(0.997), np.float64(0.997)]'}
  GW151226             tpl=IMRPhenomD | syn ratio 0.1/0.05/0.2 = 0.0101/0.0025/0.0379 | real: {'L1': 'raw 0.996 (c 0.02) wh 0.996 (c 0.06) off [np.float64(0.994), np.float64(0.996)]', 'H1': 'raw 0.999 (c 0.02) wh 0.997 (c 0.06) off [np.float64(0.998), np.float64(0.998)]'}
  GW170104             tpl=IMRPhenomD | syn ratio 0.1/0.05/0.2 = 0.0101/0.0025/0.0391 | real: {'L1': 'raw 0.999 (c 0.01) wh 0.994 (c 0.08) off [np.float64(0.995), np.float64(0.997)]', 'H1': 'raw 1.000 (c 0.01) wh 0.993 (c 0.08) off [np.float64(0.997), np.float64(0.998)]'}
  GW170608             tpl=IMRPhenomD | syn ratio 0.1/0.05/0.2 = 0.0100/0.0025/0.0375 | real: {'L1': 'raw 0.999 (c 0.01) wh 0.997 (c 0.06) off [np.float64(0.997), np.float64(0.997)]', 'H1': 'raw 0.981 (c 0.02) wh 0.995 (c 0.07) off [np.float64(0.995), np.float64(0.997)]'}
  GW170729             tpl=IMRPhenomD | syn ratio 0.1/0.05/0.2 = 0.0099/0.0025/0.0386 | real: {'L1': 'raw 1.000 (c 0.01) wh 0.995 (c 0.07) off [np.float64(0.998), np.float64(0.998)]', 'H1': 'raw 0.999 (c 0.02) wh 0.993 (c 0.08) off [np.float64(0.997), np.float64(0.998)]'}
  GW170809             tpl=IMRPhenomD | syn ratio 0.1/0.05/0.2 = 0.0099/0.0025/0.0382 | real: {'L1': 'raw 0.999 (c 0.02) wh 0.996 (c 0.07) off [np.float64(0.998), np.float64(0.997)]', 'H1': 'raw 1.000 (c 0.01) wh 0.994 (c 0.08) off [np.float64(0.995), np.float64(0.996)]'}
  GW170814             tpl=IMRPhenomD | syn ratio 0.1/0.05/0.2 = 0.0100/0.0026/0.0389 | real: {'L1': 'raw 0.999 (c 0.02) wh 0.992 (c 0.09) off [np.float64(0.998), np.float64(0.998)]', 'H1': 'raw 1.000 (c 0.01) wh 0.993 (c 0.08) off [np.float64(0.997), np.float64(0.998)]'}
  GW170818             tpl=IMRPhenomD | syn ratio 0.1/0.05/0.2 = 0.0101/0.0025/0.0392 | real: {'L1': 'raw 0.999 (c 0.02) wh 0.990 (c 0.10) off [np.float64(0.996), np.float64(0.998)]', 'H1': 'raw 1.000 (c 0.01) wh 0.997 (c 0.06) off [np.float64(0.995), np.float64(0.994)]'}
  GW170823             tpl=IMRPhenomD | syn ratio 0.1/0.05/0.2 = 0.0096/0.0025/0.0377 | real: {'L1': 'raw 1.000 (c 0.01) wh 0.996 (c 0.07) off [np.float64(0.997), np.float64(0.998)]', 'H1': 'raw 1.000 (c 0.01) wh 0.995 (c 0.07) off [np.float64(0.989), np.float64(0.996)]'}
  GW190403_051519      tpl=IMRPhenomD | syn ratio 0.1/0.05/0.2 = 0.0100/0.0025/0.0385 | real: {'L1': 'raw 0.988 (c 0.02) wh 0.994 (c 0.08) off [np.float64(0.996), np.float64(0.998)]', 'H1': 'raw 1.000 (c 0.02) wh 0.996 (c 0.06) off [np.float64(0.994), np.float64(0.997)]'}
  GW190408_181802      tpl=IMRPhenomD | syn ratio 0.1/0.05/0.2 = 0.0100/0.0024/0.0381 | real: {'L1': 'raw 0.998 (c 0.02) wh 0.995 (c 0.07) off [np.float64(0.983), np.float64(0.994)]', 'H1': 'raw 0.999 (c 0.02) wh 0.995 (c 0.07) off [np.float64(0.996), np.float64(0.996)]'}
  GW190412             tpl=IMRPhenomD | syn ratio 0.1/0.05/0.2 = 0.0100/0.0024/0.0385 | real: {'L1': 'raw 0.999 (c 0.02) wh 0.993 (c 0.09) off [np.float64(0.991), np.float64(0.996)]', 'H1': 'raw 1.000 (c 0.01) wh 0.995 (c 0.07) off [np.float64(0.995), np.float64(0.996)]'}
  GW190413_052954      tpl=IMRPhenomD | syn ratio 0.1/0.05/0.2 = 0.0099/0.0025/0.0385 | real: {'L1': 'raw 1.000 (c 0.01) wh 0.997 (c 0.06) off [np.float64(0.997), np.float64(0.998)]', 'H1': 'raw 1.000 (c 0.02) wh 0.997 (c 0.06) off [np.float64(0.994), np.float64(0.998)]'}
  GW190413_134308      tpl=IMRPhenomD | syn ratio 0.1/0.05/0.2 = 0.0099/0.0024/0.0387 | real: {'L1': 'raw 1.000 (c 0.02) wh 0.994 (c 0.08) off [np.float64(0.996), np.float64(0.997)]', 'H1': 'raw 1.000 (c 0.02) wh 0.996 (c 0.06) off [np.float64(0.994), np.float64(0.996)]'}
  GW190421_213856      tpl=IMRPhenomD | syn ratio 0.1/0.05/0.2 = 0.0098/0.0025/0.0396 | real: {'L1': 'raw 0.992 (c 0.02) wh 0.997 (c 0.06) off [np.float64(0.989), np.float64(0.993)]', 'H1': 'raw 0.999 (c 0.01) wh 0.994 (c 0.08) off [np.float64(0.998), np.float64(0.997)]'}
  GW190426_190642      tpl=IMRPhenomD | syn ratio 0.1/0.05/0.2 = 0.0098/0.0024/0.0380 | real: {'L1': 'raw 1.000 (c 0.01) wh 0.996 (c 0.06) off [np.float64(0.997), np.float64(0.997)]', 'H1': 'raw 0.990 (c 0.03) wh 0.996 (c 0.06) off [np.float64(0.998), np.float64(0.998)]'}
  GW190503_185404      tpl=IMRPhenomD | syn ratio 0.1/0.05/0.2 = 0.0099/0.0025/0.0385 | real: {'L1': 'raw 1.000 (c 0.02) wh 0.995 (c 0.07) off [np.float64(0.997), np.float64(0.998)]', 'H1': 'raw 0.999 (c 0.02) wh 0.992 (c 0.09) off [np.float64(0.998), np.float64(0.997)]'}
  GW190512_180714      tpl=IMRPhenomD | syn ratio 0.1/0.05/0.2 = 0.0097/0.0025/0.0382 | real: {'L1': 'raw 0.999 (c 0.02) wh 0.996 (c 0.06) off [np.float64(0.992), np.float64(0.995)]', 'H1': 'raw 0.997 (c 0.03) wh 0.995 (c 0.07) off [np.float64(0.996), np.float64(0.998)]'}
  GW190513_205428      tpl=IMRPhenomD | syn ratio 0.1/0.05/0.2 = 0.0100/0.0025/0.0386 | real: {'L1': 'raw 0.997 (c 0.02) wh 0.995 (c 0.07) off [np.float64(0.994), np.float64(0.995)]', 'H1': 'raw 0.997 (c 0.02) wh 0.992 (c 0.09) off [np.float64(0.997), np.float64(0.998)]'}
  GW190514_065416      tpl=IMRPhenomD | syn ratio 0.1/0.05/0.2 = 0.0098/0.0025/0.0374 | real: {'L1': 'raw 1.000 (c 0.01) wh 0.997 (c 0.05) off [np.float64(0.997), np.float64(0.997)]', 'H1': 'raw 0.999 (c 0.02) wh 0.996 (c 0.06) off [np.float64(0.997), np.float64(0.998)]'}
  GW190517_055101      tpl=IMRPhenomD | syn ratio 0.1/0.05/0.2 = 0.0101/0.0025/0.0392 | real: {'L1': 'raw 0.997 (c 0.02) wh 0.996 (c 0.07) off [np.float64(0.998), np.float64(0.997)]', 'H1': 'raw 1.000 (c 0.01) wh 0.996 (c 0.06) off [np.float64(0.998), np.float64(0.998)]'}
  GW190519_153544      tpl=IMRPhenomD | syn ratio 0.1/0.05/0.2 = 0.0099/0.0025/0.0377 | real: {'L1': 'raw 1.000 (c 0.02) wh 0.985 (c 0.12) off [np.float64(0.99), np.float64(0.989)]', 'H1': 'raw 0.999 (c 0.03) wh 0.993 (c 0.08) off [np.float64(0.998), np.float64(0.998)]'}
  GW190521             tpl=IMRPhenomD | syn ratio 0.1/0.05/0.2 = 0.0097/0.0024/0.0385 | real: {'L1': 'raw 1.000 (c 0.02) wh 0.986 (c 0.12) off [np.float64(0.997), np.float64(0.998)]', 'H1': 'raw 0.998 (c 0.03) wh 0.992 (c 0.09) off [np.float64(0.998), np.float64(0.998)]'}
  GW190521_074359      tpl=IMRPhenomD | syn ratio 0.1/0.05/0.2 = 0.0101/0.0025/0.0385 | real: {'L1': 'raw 0.999 (c 0.02) wh 0.969 (c 0.17) off [np.float64(0.995), np.float64(0.997)]', 'H1': 'raw 0.999 (c 0.03) wh 0.983 (c 0.13) off [np.float64(0.997), np.float64(0.997)]'}
  GW190527_092055      tpl=IMRPhenomD | syn ratio 0.1/0.05/0.2 = 0.0100/0.0025/0.0387 | real: {'L1': 'raw 1.000 (c 0.02) wh 0.994 (c 0.08) off [np.float64(0.997), np.float64(0.997)]', 'H1': 'raw 0.999 (c 0.02) wh 0.997 (c 0.06) off [np.float64(0.997), np.float64(0.996)]'}
  GW190602_175927      tpl=IMRPhenomD | syn ratio 0.1/0.05/0.2 = 0.0099/0.0025/0.0389 | real: {'L1': 'raw 1.000 (c 0.02) wh 0.987 (c 0.11) off [np.float64(0.997), np.float64(0.998)]', 'H1': 'raw 0.998 (c 0.02) wh 0.995 (c 0.07) off [np.float64(0.997), np.float64(0.998)]'}
  GW190620_030421      tpl=IMRPhenomD | syn ratio 0.1/0.05/0.2 = 0.0096/0.0026/0.0395 | real: {'L1': 'raw 0.999 (c 0.02) wh 0.982 (c 0.14) off [np.float64(0.994), np.float64(0.997)]'}
  GW190630_185205      tpl=IMRPhenomD | syn ratio 0.1/0.05/0.2 = 0.0100/0.0025/0.0382 | real: {'L1': 'raw 0.998 (c 0.02) wh 0.987 (c 0.11) off [np.float64(0.998), np.float64(0.998)]'}
  GW190701_203306      tpl=IMRPhenomD | syn ratio 0.1/0.05/0.2 = 0.0101/0.0025/0.0393 | real: {'L1': 'raw 0.996 (c 0.02) wh 0.991 (c 0.09) off [np.float64(0.997), np.float64(0.996)]', 'H1': 'raw 1.000 (c 0.01) wh 0.995 (c 0.07) off [np.float64(0.998), np.float64(0.998)]'}
  GW190706_222641      tpl=IMRPhenomD | syn ratio 0.1/0.05/0.2 = 0.0099/0.0025/0.0382 | real: {'L1': 'raw 0.999 (c 0.01) wh 0.994 (c 0.08) off [np.float64(0.997), np.float64(0.998)]', 'H1': 'raw 0.999 (c 0.03) wh 0.988 (c 0.11) off [np.float64(0.998), np.float64(0.998)]'}
  GW190707_093326      tpl=IMRPhenomD | syn ratio 0.1/0.05/0.2 = 0.0100/0.0025/0.0381 | real: {'L1': 'raw 1.000 (c 0.02) wh 0.997 (c 0.05) off [np.float64(0.997), np.float64(0.997)]', 'H1': 'raw 0.999 (c 0.03) wh 0.997 (c 0.05) off [np.float64(0.998), np.float64(0.997)]'}
  GW190708_232457      tpl=IMRPhenomD | syn ratio 0.1/0.05/0.2 = 0.0098/0.0025/0.0393 | real: {'L1': 'raw 0.998 (c 0.02) wh 0.995 (c 0.07) off [np.float64(0.994), np.float64(0.996)]'}
  GW190719_215514      tpl=IMRPhenomD | syn ratio 0.1/0.05/0.2 = 0.0099/0.0025/0.0388 | real: {'L1': 'raw 0.999 (c 0.02) wh 0.996 (c 0.06) off [np.float64(0.993), np.float64(0.997)]', 'H1': 'raw 0.999 (c 0.02) wh 0.996 (c 0.06) off [np.float64(0.998), np.float64(0.997)]'}
  GW190720_000836      tpl=IMRPhenomD | syn ratio 0.1/0.05/0.2 = 0.0099/0.0025/0.0377 | real: {'L1': 'raw 0.998 (c 0.02) wh 0.997 (c 0.06) off [np.float64(0.993), np.float64(0.997)]', 'H1': 'raw 0.994 (c 0.03) wh 0.997 (c 0.05) off [np.float64(0.996), np.float64(0.998)]'}
  GW190725_174728      tpl=IMRPhenomD | syn ratio 0.1/0.05/0.2 = 0.0098/0.0025/0.0380 | real: {'L1': 'raw 0.999 (c 0.02) wh 0.997 (c 0.06) off [np.float64(0.994), np.float64(0.997)]', 'H1': 'raw 0.999 (c 0.02) wh 0.997 (c 0.05) off [np.float64(0.997), np.float64(0.998)]'}
  GW190727_060333      tpl=IMRPhenomD | syn ratio 0.1/0.05/0.2 = 0.0098/0.0025/0.0391 | real: {'L1': 'raw 0.999 (c 0.02) wh 0.994 (c 0.08) off [np.float64(0.992), np.float64(0.994)]', 'H1': 'raw 1.000 (c 0.02) wh 0.993 (c 0.09) off [np.float64(0.998), np.float64(0.998)]'}
  GW190728_064510      tpl=IMRPhenomD | syn ratio 0.1/0.05/0.2 = 0.0099/0.0025/0.0385 | real: {'L1': 'raw 0.960 (c 0.03) wh 0.997 (c 0.05) off [np.float64(0.993), np.float64(0.996)]', 'H1': 'raw 0.961 (c 0.03) wh 0.996 (c 0.06) off [np.float64(0.998), np.float64(0.998)]'}
  GW190731_140936      tpl=IMRPhenomD | syn ratio 0.1/0.05/0.2 = 0.0099/0.0025/0.0384 | real: {'L1': 'raw 0.999 (c 0.02) wh 0.995 (c 0.07) off [np.float64(0.998), np.float64(0.998)]', 'H1': 'raw 1.000 (c 0.01) wh 0.997 (c 0.06) off [np.float64(0.998), np.float64(0.998)]'}
  GW190803_022701      tpl=IMRPhenomD | syn ratio 0.1/0.05/0.2 = 0.0100/0.0025/0.0383 | real: {'L1': 'raw 1.000 (c 0.01) wh 0.996 (c 0.06) off [np.float64(0.997), np.float64(0.997)]', 'H1': 'raw 0.952 (c 0.03) wh 0.997 (c 0.06) off [np.float64(0.998), np.float64(0.998)]'}
  GW190805_211137      tpl=IMRPhenomD | syn ratio 0.1/0.05/0.2 = 0.0100/0.0025/0.0386 | real: {'L1': 'raw 1.000 (c 0.02) wh 0.995 (c 0.07) off [np.float64(0.996), np.float64(0.997)]', 'H1': 'raw 1.000 (c 0.02) wh 0.998 (c 0.05) off [np.float64(0.998), np.float64(0.997)]'}
  GW190814             tpl=IMRPhenomD | syn ratio 0.1/0.05/0.2 = 0.0098/0.0025/0.0385 | real: {'L1': 'raw 1.000 (c 0.01) wh 0.991 (c 0.10) off [np.float64(0.998), np.float64(0.997)]', 'H1': 'raw 0.999 (c 0.02) wh 0.995 (c 0.07) off [np.float64(0.997), np.float64(0.998)]'}
  GW190828_063405      tpl=IMRPhenomD | syn ratio 0.1/0.05/0.2 = 0.0099/0.0025/0.0380 | real: {'L1': 'raw 1.000 (c 0.02) wh 0.992 (c 0.09) off [np.float64(0.996), np.float64(0.997)]', 'H1': 'raw 0.998 (c 0.02) wh 0.991 (c 0.10) off [np.float64(0.998), np.float64(0.997)]'}
  GW190828_065509      tpl=IMRPhenomD | syn ratio 0.1/0.05/0.2 = 0.0100/0.0025/0.0380 | real: {'L1': 'raw 0.999 (c 0.02) wh 0.997 (c 0.06) off [np.float64(0.998), np.float64(0.998)]', 'H1': 'raw 0.996 (c 0.03) wh 0.996 (c 0.06) off [np.float64(0.996), np.float64(0.998)]'}
  GW190910_112807      tpl=IMRPhenomD | syn ratio 0.1/0.05/0.2 = 0.0099/0.0025/0.0390 | real: {'L1': 'raw 0.995 (c 0.02) wh 0.981 (c 0.14) off [np.float64(0.986), np.float64(0.996)]'}
  GW190915_235702      tpl=IMRPhenomD | syn ratio 0.1/0.05/0.2 = 0.0104/0.0025/0.0382 | real: {'L1': 'raw 1.000 (c 0.01) wh 0.994 (c 0.08) off [np.float64(0.997), np.float64(0.997)]', 'H1': 'raw 0.999 (c 0.02) wh 0.991 (c 0.10) off [np.float64(0.996), np.float64(0.997)]'}
  GW190916_200658      tpl=IMRPhenomD | syn ratio 0.1/0.05/0.2 = 0.0101/0.0025/0.0387 | real: {'L1': 'raw 1.000 (c 0.01) wh 0.995 (c 0.07) off [np.float64(0.997), np.float64(0.997)]', 'H1': 'raw 0.999 (c 0.02) wh 0.998 (c 0.05) off [np.float64(0.998), np.float64(0.998)]'}
  GW190917_114630      tpl=IMRPhenomD | syn ratio 0.1/0.05/0.2 = 0.0098/0.0025/0.0385 | real: {'L1': 'raw 0.999 (c 0.02) wh 0.997 (c 0.05) off [np.float64(0.998), np.float64(0.998)]', 'H1': 'raw 1.000 (c 0.01) wh 0.997 (c 0.06) off [np.float64(0.998), np.float64(0.997)]'}
  GW190924_021846      tpl=IMRPhenomD | syn ratio 0.1/0.05/0.2 = 0.0097/0.0025/0.0381 | real: {'L1': 'raw 0.999 (c 0.01) wh 0.997 (c 0.06) off [np.float64(0.987), np.float64(0.994)]', 'H1': 'raw 0.999 (c 0.02) wh 0.997 (c 0.06) off [np.float64(0.998), np.float64(0.998)]'}
  GW190925_232845      tpl=IMRPhenomD | syn ratio 0.1/0.05/0.2 = 0.0100/0.0025/0.0390 | real: {'H1': 'raw 0.998 (c 0.03) wh 0.996 (c 0.06) off [np.float64(0.998), np.float64(0.998)]'}
  GW190926_050336      tpl=IMRPhenomD | syn ratio 0.1/0.05/0.2 = 0.0101/0.0025/0.0388 | real: {'L1': 'raw 1.000 (c 0.01) wh 0.997 (c 0.05) off [np.float64(0.998), np.float64(0.998)]', 'H1': 'raw 0.999 (c 0.03) wh 0.997 (c 0.06) off [np.float64(0.998), np.float64(0.997)]'}
  GW190929_012149      tpl=IMRPhenomD | syn ratio 0.1/0.05/0.2 = 0.0099/0.0025/0.0397 | real: {'L1': 'raw 0.995 (c 0.03) wh 0.997 (c 0.05) off [np.float64(0.997), np.float64(0.996)]', 'H1': 'raw 0.969 (c 0.02) wh 0.995 (c 0.07) off [np.float64(0.997), np.float64(0.998)]'}
  GW190930_133541      tpl=IMRPhenomD | syn ratio 0.1/0.05/0.2 = 0.0098/0.0025/0.0390 | real: {'L1': 'raw 0.999 (c 0.02) wh 0.997 (c 0.05) off [np.float64(0.997), np.float64(0.998)]', 'H1': 'raw 1.000 (c 0.02) wh 0.997 (c 0.05) off [np.float64(0.997), np.float64(0.998)]'}
  GW191103_012549      tpl=IMRPhenomD | syn ratio 0.1/0.05/0.2 = 0.0097/0.0025/0.0382 | real: {'L1': 'raw 1.000 (c 0.00) wh 0.997 (c 0.05) off [np.float64(0.998), np.float64(0.998)]', 'H1': 'raw 1.000 (c 0.02) wh 0.997 (c 0.06) off [np.float64(0.996), np.float64(0.997)]'}
  GW191105_143521      tpl=IMRPhenomD | syn ratio 0.1/0.05/0.2 = 0.0101/0.0025/0.0388 | real: {'L1': 'raw 0.997 (c 0.01) wh 0.997 (c 0.05) off [np.float64(0.998), np.float64(0.997)]', 'H1': 'raw 0.999 (c 0.02) wh 0.997 (c 0.06) off [np.float64(0.996), np.float64(0.998)]'}
  GW191109_010717      tpl=IMRPhenomD | syn ratio 0.1/0.05/0.2 = 0.0100/0.0025/0.0381 | real: {'L1': 'raw 1.000 (c 0.02) wh 0.978 (c 0.15) off [np.float64(0.997), np.float64(0.998)]', 'H1': 'raw 1.000 (c 0.02) wh 0.990 (c 0.10) off [np.float64(0.998), np.float64(0.998)]'}
  GW191113_071753      tpl=IMRPhenomD | syn ratio 0.1/0.05/0.2 = 0.0098/0.0026/0.0384 | real: {'L1': 'raw 1.000 (c 0.01) wh 0.997 (c 0.05) off [np.float64(0.998), np.float64(0.998)]', 'H1': 'raw 0.998 (c 0.03) wh 0.997 (c 0.05) off [np.float64(0.997), np.float64(0.998)]'}
  GW191126_115259      tpl=IMRPhenomD | syn ratio 0.1/0.05/0.2 = 0.0097/0.0024/0.0390 | real: {'L1': 'raw 1.000 (c 0.01) wh 0.998 (c 0.05) off [np.float64(0.998), np.float64(0.998)]', 'H1': 'raw 0.998 (c 0.02) wh 0.997 (c 0.05) off [np.float64(0.997), np.float64(0.998)]'}
  GW191127_050227      tpl=IMRPhenomD | syn ratio 0.1/0.05/0.2 = 0.0100/0.0025/0.0378 | real: {'L1': 'raw 0.999 (c 0.01) wh 0.997 (c 0.06) off [np.float64(0.997), np.float64(0.997)]', 'H1': 'raw 0.996 (c 0.02) wh 0.996 (c 0.06) off [np.float64(0.998), np.float64(0.998)]'}
  GW191129_134029      tpl=IMRPhenomD | syn ratio 0.1/0.05/0.2 = 0.0102/0.0025/0.0381 | real: {'L1': 'raw 1.000 (c 0.02) wh 0.997 (c 0.06) off [np.float64(0.998), np.float64(0.998)]', 'H1': 'raw 0.997 (c 0.01) wh 0.997 (c 0.06) off [np.float64(0.996), np.float64(0.997)]'}
  GW191204_110529      tpl=IMRPhenomD | syn ratio 0.1/0.05/0.2 = 0.0100/0.0026/0.0389 | real: {'L1': 'raw 0.999 (c 0.02) wh 0.996 (c 0.06) off [np.float64(0.997), np.float64(0.998)]', 'H1': 'raw 0.999 (c 0.02) wh 0.997 (c 0.05) off [np.float64(0.998), np.float64(0.997)]'}
  GW191204_171526      tpl=IMRPhenomD | syn ratio 0.1/0.05/0.2 = 0.0099/0.0025/0.0391 | real: {'L1': 'raw 0.990 (c 0.01) wh 0.992 (c 0.09) off [np.float64(0.997), np.float64(0.998)]', 'H1': 'raw 0.999 (c 0.02) wh 0.992 (c 0.09) off [np.float64(0.931), np.float64(0.997)]'}
  GW191215_223052      tpl=IMRPhenomD | syn ratio 0.1/0.05/0.2 = 0.0099/0.0026/0.0386 | real: {'L1': 'raw 0.998 (c 0.02) wh 0.997 (c 0.05) off [np.float64(0.997), np.float64(0.998)]', 'H1': 'raw 0.999 (c 0.02) wh 0.996 (c 0.07) off [np.float64(0.997), np.float64(0.998)]'}
  GW191216_213338      tpl=IMRPhenomD | syn ratio 0.1/0.05/0.2 = 0.0098/0.0025/0.0384 | real: {'H1': 'raw 0.999 (c 0.03) wh 0.992 (c 0.09) off [np.float64(0.998), np.float64(0.998)]'}
  GW191219_163120      tpl=IMRPhenomD | syn ratio 0.1/0.05/0.2 = 0.0098/0.0026/0.0389 | real: {'L1': 'raw 0.998 (c 0.02) wh 0.997 (c 0.06) off [np.float64(0.997), np.float64(0.998)]', 'H1': 'raw 0.999 (c 0.02) wh 0.998 (c 0.04) off [np.float64(0.998), np.float64(0.965)]'}
  GW191222_033537      tpl=IMRPhenomD | syn ratio 0.1/0.05/0.2 = 0.0096/0.0024/0.0380 | real: {'L1': 'raw 0.997 (c 0.02) wh 0.980 (c 0.14) off [np.float64(0.989), np.float64(0.99)]', 'H1': 'raw 0.995 (c 0.02) wh 0.992 (c 0.09) off [np.float64(0.997), np.float64(0.998)]'}
  GW191230_180458      tpl=IMRPhenomD | syn ratio 0.1/0.05/0.2 = 0.0096/0.0026/0.0381 | real: {'L1': 'raw 1.000 (c 0.01) wh 0.992 (c 0.09) off [np.float64(0.997), np.float64(0.998)]', 'H1': 'raw 0.999 (c 0.02) wh 0.999 (c 0.04) off [np.float64(0.916), np.float64(0.999)]'}
  GW200112_155838      tpl=IMRPhenomD | syn ratio 0.1/0.05/0.2 = 0.0100/0.0025/0.0391 | real: {'L1': 'raw 0.999 (c 0.01) wh 0.982 (c 0.13) off [np.float64(0.993), np.float64(0.997)]'}
  GW200115_042309      tpl=IMRPhenomD | syn ratio 0.1/0.05/0.2 = 0.0097/0.0025/0.0394 | real: {'L1': 'raw 1.000 (c 0.01) wh 0.996 (c 0.07) off [np.float64(0.995), np.float64(0.996)]', 'H1': 'raw 0.997 (c 0.01) wh 0.997 (c 0.05) off [np.float64(0.998), np.float64(0.997)]'}
  GW200128_022011      tpl=IMRPhenomD | syn ratio 0.1/0.05/0.2 = 0.0101/0.0024/0.0375 | real: {'L1': 'raw 0.999 (c 0.01) wh 0.995 (c 0.07) off [np.float64(0.991), np.float64(0.993)]', 'H1': 'raw 0.999 (c 0.02) wh 0.995 (c 0.07) off [np.float64(0.996), np.float64(0.998)]'}
  GW200129_065458      tpl=IMRPhenomD | syn ratio 0.1/0.05/0.2 = 0.0102/0.0025/0.0382 | real: {'L1': 'raw 1.000 (c 0.01) wh 0.961 (c 0.20) off [np.float64(0.994), np.float64(0.997)]', 'H1': 'raw 0.999 (c 0.03) wh 0.976 (c 0.16) off [np.float64(0.998), np.float64(0.998)]'}
  GW200202_154313      tpl=IMRPhenomD | syn ratio 0.1/0.05/0.2 = 0.0100/0.0025/0.0392 | real: {'L1': 'raw 1.000 (c 0.01) wh 0.994 (c 0.07) off [np.float64(0.977), np.float64(0.991)]', 'H1': 'raw 0.995 (c 0.03) wh 0.996 (c 0.06) off [np.float64(0.998), np.float64(0.997)]'}
  GW200208_130117      tpl=IMRPhenomD | syn ratio 0.1/0.05/0.2 = 0.0098/0.0024/0.0388 | real: {'L1': 'raw 0.989 (c 0.02) wh 0.997 (c 0.06) off [np.float64(0.998), np.float64(0.998)]', 'H1': 'raw 1.000 (c 0.02) wh 0.997 (c 0.06) off [np.float64(0.998), np.float64(0.998)]'}
  GW200208_222617      tpl=IMRPhenomD | syn ratio 0.1/0.05/0.2 = 0.0097/0.0024/0.0386 | real: {'L1': 'raw 0.991 (c 0.02) wh 0.996 (c 0.06) off [np.float64(0.986), np.float64(0.993)]', 'H1': 'raw 0.999 (c 0.03) wh 0.998 (c 0.05) off [np.float64(0.998), np.float64(0.998)]'}
  GW200209_085452      tpl=IMRPhenomD | syn ratio 0.1/0.05/0.2 = 0.0099/0.0026/0.0382 | real: {'H1': 'raw 0.999 (c 0.02) wh 0.992 (c 0.09) off [np.float64(0.998), np.float64(0.998)]'}
  GW200210_092254      tpl=IMRPhenomD | syn ratio 0.1/0.05/0.2 = 0.0099/0.0025/0.0382 | real: {'L1': 'raw 0.999 (c 0.01) wh 0.996 (c 0.06) off [np.float64(0.986), np.float64(0.995)]', 'H1': 'raw 0.993 (c 0.03) wh 0.997 (c 0.05) off [np.float64(0.997), np.float64(0.998)]'}
  GW200216_220804      tpl=IMRPhenomD | syn ratio 0.1/0.05/0.2 = 0.0099/0.0025/0.0379 | real: {'L1': 'raw 0.999 (c 0.01) wh 0.993 (c 0.08) off [np.float64(0.976), np.float64(0.986)]', 'H1': 'raw 0.997 (c 0.03) wh 0.995 (c 0.07) off [np.float64(0.998), np.float64(0.998)]'}
  GW200219_094415      tpl=IMRPhenomD | syn ratio 0.1/0.05/0.2 = 0.0101/0.0025/0.0385 | real: {'L1': 'raw 0.999 (c 0.02) wh 0.996 (c 0.07) off [np.float64(0.988), np.float64(0.993)]', 'H1': 'raw 0.999 (c 0.02) wh 0.996 (c 0.06) off [np.float64(0.998), np.float64(0.997)]'}
  GW200220_061928      tpl=IMRPhenomD | syn ratio 0.1/0.05/0.2 = 0.0099/0.0025/0.0389 | real: {'L1': 'raw 0.999 (c 0.02) wh 0.996 (c 0.06) off [np.float64(0.994), np.float64(0.997)]', 'H1': 'raw 0.998 (c 0.03) wh 0.998 (c 0.05) off [np.float64(0.998), np.float64(0.997)]'}
  GW200220_124850      tpl=IMRPhenomD | syn ratio 0.1/0.05/0.2 = 0.0097/0.0025/0.0385 | real: {'L1': 'raw 1.000 (c 0.01) wh 0.997 (c 0.05) off [np.float64(0.997), np.float64(0.998)]', 'H1': 'raw 0.998 (c 0.02) wh 0.994 (c 0.07) off [np.float64(0.996), np.float64(0.996)]'}
  GW200224_222234      tpl=IMRPhenomD | syn ratio 0.1/0.05/0.2 = 0.0101/0.0025/0.0393 | real: {'L1': 'raw 0.999 (c 0.01) wh 0.984 (c 0.13) off [np.float64(0.987), np.float64(0.991)]', 'H1': 'raw 0.999 (c 0.02) wh 0.984 (c 0.13) off [np.float64(0.998), np.float64(0.998)]'}
  GW200225_060421      tpl=IMRPhenomD | syn ratio 0.1/0.05/0.2 = 0.0099/0.0024/0.0389 | real: {'L1': 'raw 0.999 (c 0.02) wh 0.995 (c 0.07) off [np.float64(0.993), np.float64(0.996)]', 'H1': 'raw 0.998 (c 0.04) wh 0.996 (c 0.06) off [np.float64(0.997), np.float64(0.997)]'}
  GW200302_015811      tpl=IMRPhenomD | syn ratio 0.1/0.05/0.2 = 0.0100/0.0025/0.0385 | real: {'H1': 'raw 0.999 (c 0.02) wh 0.989 (c 0.10) off [np.float64(0.998), np.float64(0.997)]'}
  GW200306_093714      tpl=IMRPhenomD | syn ratio 0.1/0.05/0.2 = 0.0098/0.0025/0.0389 | real: {'L1': 'raw 1.000 (c 0.02) wh 0.997 (c 0.05) off [np.float64(0.993), np.float64(0.996)]', 'H1': 'raw 0.999 (c 0.02) wh 0.996 (c 0.07) off [np.float64(0.998), np.float64(0.998)]'}
  GW200308_173609      tpl=IMRPhenomD | syn ratio 0.1/0.05/0.2 = 0.0098/0.0025/0.0387 | real: {'L1': 'raw 0.988 (c 0.03) wh 0.997 (c 0.06) off [np.float64(0.989), np.float64(0.991)]', 'H1': 'raw 0.999 (c 0.02) wh 0.997 (c 0.06) off [np.float64(0.997), np.float64(0.998)]'}
  GW200311_115853      tpl=IMRPhenomD | syn ratio 0.1/0.05/0.2 = 0.0100/0.0025/0.0387 | real: {'L1': 'raw 0.998 (c 0.02) wh 0.993 (c 0.08) off [np.float64(0.988), np.float64(0.995)]', 'H1': 'raw 0.999 (c 0.03) wh 0.989 (c 0.10) off [np.float64(0.998), np.float64(0.998)]'}
  GW200316_215756      tpl=IMRPhenomD | syn ratio 0.1/0.05/0.2 = 0.0099/0.0025/0.0376 | real: {'L1': 'raw 1.000 (c 0.02) wh 0.996 (c 0.06) off [np.float64(0.988), np.float64(0.993)]', 'H1': 'raw 0.999 (c 0.02) wh 0.997 (c 0.05) off [np.float64(0.997), np.float64(0.997)]'}
  GW200322_091133      tpl=IMRPhenomD | syn ratio 0.1/0.05/0.2 = 0.0099/0.0025/0.0396 | real: {'L1': 'raw 0.996 (c 0.02) wh 0.990 (c 0.10) off [np.float64(0.97), np.float64(0.978)]', 'H1': 'raw 0.999 (c 0.02) wh 0.996 (c 0.06) off [np.float64(0.998), np.float64(0.998)]'}
RESUMO (todos): sintetico 0.1 = 0.0099 (h2_ok 100%), 0.05 = 0.0025, 0.2 = 0.0385 | segue noise^2: True | real bruto 0.9974 (corr 0.019; h2_ok 0%) | real branqueado 0.9937 +- 0.0057 (n=169; corr 0.075; h2_ok 0%) | fora da fonte 0.9956 | z vs beta 2252.2 | z vs fora -3.4
OK -> /mnt/c/IALD/Artigo/Haja_Luz/A Ponte e o Um/cache/gw/H2_REPRODUCTION_V1_RESULT.json | 14s
exit=0 19:23:03
