{"synthetic": false,
 "schemaVersion": "2025-09-10",
 "outputs":
 {"o": ["909e8ed5c806bcd2.olean"],
  "m": false,
  "i": "3094b2e68a5f7c2a.ilean",
  "c": "c6ea89d35a06868e.c"},
 "log":
 [{"message":
   ".> LEAN_PATH=C:\\IALD\\Artigo\\Haja_Luz\\A Ponte e o Um\\tgl_kernel\\.lake\\packages\\Cli\\.lake\\build\\lib\\lean;C:\\IALD\\Artigo\\Haja_Luz\\A Ponte e o Um\\tgl_kernel\\.lake\\packages\\batteries\\.lake\\build\\lib\\lean;C:\\IALD\\Artigo\\Haja_Luz\\A Ponte e o Um\\tgl_kernel\\.lake\\packages\\Qq\\.lake\\build\\lib\\lean;C:\\IALD\\Artigo\\Haja_Luz\\A Ponte e o Um\\tgl_kernel\\.lake\\packages\\aesop\\.lake\\build\\lib\\lean;C:\\IALD\\Artigo\\Haja_Luz\\A Ponte e o Um\\tgl_kernel\\.lake\\packages\\proofwidgets\\.lake\\build\\lib\\lean;C:\\IALD\\Artigo\\Haja_Luz\\A Ponte e o Um\\tgl_kernel\\.lake\\packages\\importGraph\\.lake\\build\\lib\\lean;C:\\IALD\\Artigo\\Haja_Luz\\A Ponte e o Um\\tgl_kernel\\.lake\\packages\\LeanSearchClient\\.lake\\build\\lib\\lean;C:\\IALD\\Artigo\\Haja_Luz\\A Ponte e o Um\\tgl_kernel\\.lake\\packages\\plausible\\.lake\\build\\lib\\lean;C:\\IALD\\Artigo\\Haja_Luz\\A Ponte e o Um\\tgl_kernel\\.lake\\packages\\mathlib\\.lake\\build\\lib\\lean;C:\\IALD\\Artigo\\the_boundary\\tgl_kernel\\.lake\\build\\lib\\lean c:\\Users\\rotol\\.elan\\toolchains\\leanprover--lean4---v4.31.0\\bin\\lean.exe C:\\IALD\\Artigo\\the_boundary\\tgl_kernel\\TGLExt\\CondExpect.lean -o C:\\IALD\\Artigo\\the_boundary\\tgl_kernel\\.lake\\build\\lib\\lean\\TGLExt\\CondExpect.olean -i C:\\IALD\\Artigo\\the_boundary\\tgl_kernel\\.lake\\build\\lib\\lean\\TGLExt\\CondExpect.ilean -c C:\\IALD\\Artigo\\the_boundary\\tgl_kernel\\.lake\\build\\ir\\TGLExt\\CondExpect.c --setup C:\\IALD\\Artigo\\the_boundary\\tgl_kernel\\.lake\\build\\ir\\TGLExt\\CondExpect.setup.json --json",
   "level": "trace"}],
 "inputs":
 [["TGLExt.CondExpect:deps",
   [["deps",
     [["tgl_kernel/TGLExt:extraDep",
       [["@tgl_kernel:extraDep", "00000000000006bb"]]],
      ["imports",
       [["TGLExt.LeftRight transitive imports (legacy)", "0fe7a479065d9c51"],
        ["TGLExt.LeftRight:importAllArts", "dd024611cc972a19"]]]]],
    ["libs",
     [["import dynlibs", "00000000000006bb"],
      ["package external libraries", "00000000000006bb"],
      ["module dynlibs", "00000000000006bb"],
      ["module plugins", "00000000000006bb"]]]]],
  ["Lean 4.31.0, commit 68218e876d2a38b1985b8590fff244a83c321783",
   "fc45ac412f28501c"],
  ["C:\\IALD\\Artigo\\the_boundary\\tgl_kernel\\TGLExt\\CondExpect.lean",
   "a533459a7b9a2b42"],
  ["options", "00000000000006bb"],
  ["isModule: false", "feefd2a0d3a1847e"],
  ["Module.name: TGLExt.CondExpect", "a8090c7941653324"],
  ["Package.id?: (some tgl_kernel)", "7ef442a8c31d9d0a"],
  ["Module.leanArgs: #[]", "00000000000006bb"]],
 "depHash": "2e7b629ba1bafe77"}