{"synthetic": false,
 "schemaVersion": "2025-09-10",
 "outputs":
 {"o": ["b5383f0944ed69b6.olean"],
  "m": false,
  "i": "c313024fc4c19510.ilean",
  "c": "c8f061629f1de525.c"},
 "log":
 [{"message":
   ".> LEAN_PATH=C:\\IALD\\Artigo\\Haja_Luz\\A Ponte e o Um\\tgl_kernel\\.lake\\packages\\Cli\\.lake\\build\\lib\\lean;C:\\IALD\\Artigo\\Haja_Luz\\A Ponte e o Um\\tgl_kernel\\.lake\\packages\\batteries\\.lake\\build\\lib\\lean;C:\\IALD\\Artigo\\Haja_Luz\\A Ponte e o Um\\tgl_kernel\\.lake\\packages\\Qq\\.lake\\build\\lib\\lean;C:\\IALD\\Artigo\\Haja_Luz\\A Ponte e o Um\\tgl_kernel\\.lake\\packages\\aesop\\.lake\\build\\lib\\lean;C:\\IALD\\Artigo\\Haja_Luz\\A Ponte e o Um\\tgl_kernel\\.lake\\packages\\proofwidgets\\.lake\\build\\lib\\lean;C:\\IALD\\Artigo\\Haja_Luz\\A Ponte e o Um\\tgl_kernel\\.lake\\packages\\importGraph\\.lake\\build\\lib\\lean;C:\\IALD\\Artigo\\Haja_Luz\\A Ponte e o Um\\tgl_kernel\\.lake\\packages\\LeanSearchClient\\.lake\\build\\lib\\lean;C:\\IALD\\Artigo\\Haja_Luz\\A Ponte e o Um\\tgl_kernel\\.lake\\packages\\plausible\\.lake\\build\\lib\\lean;C:\\IALD\\Artigo\\Haja_Luz\\A Ponte e o Um\\tgl_kernel\\.lake\\packages\\mathlib\\.lake\\build\\lib\\lean;C:\\IALD\\Artigo\\the_boundary\\tgl_kernel\\.lake\\build\\lib\\lean c:\\Users\\rotol\\.elan\\toolchains\\leanprover--lean4---v4.31.0\\bin\\lean.exe C:\\IALD\\Artigo\\the_boundary\\tgl_kernel\\TGLExt\\FiniteTomita.lean -o C:\\IALD\\Artigo\\the_boundary\\tgl_kernel\\.lake\\build\\lib\\lean\\TGLExt\\FiniteTomita.olean -i C:\\IALD\\Artigo\\the_boundary\\tgl_kernel\\.lake\\build\\lib\\lean\\TGLExt\\FiniteTomita.ilean -c C:\\IALD\\Artigo\\the_boundary\\tgl_kernel\\.lake\\build\\ir\\TGLExt\\FiniteTomita.c --setup C:\\IALD\\Artigo\\the_boundary\\tgl_kernel\\.lake\\build\\ir\\TGLExt\\FiniteTomita.setup.json --json",
   "level": "trace"}],
 "inputs":
 [["TGLExt.FiniteTomita:deps",
   [["deps",
     [["tgl_kernel/TGLExt:extraDep",
       [["@tgl_kernel:extraDep", "00000000000006bb"]]],
      ["imports",
       [["TGLExt.LeftRight transitive imports (legacy)", "0fe7a479065d9c51"],
        ["TGLExt.LeftRight:importAllArts", "dd024611cc972a19"]]]]],
    ["libs",
     [["import dynlibs", "00000000000006bb"],
      ["package external libraries", "00000000000006bb"],
      ["module dynlibs", "00000000000006bb"],
      ["module plugins", "00000000000006bb"]]]]],
  ["Lean 4.31.0, commit 68218e876d2a38b1985b8590fff244a83c321783",
   "fc45ac412f28501c"],
  ["C:\\IALD\\Artigo\\the_boundary\\tgl_kernel\\TGLExt\\FiniteTomita.lean",
   "50ebe3cd4dfdc0ad"],
  ["options", "00000000000006bb"],
  ["isModule: false", "feefd2a0d3a1847e"],
  ["Module.name: TGLExt.FiniteTomita", "897889268401316a"],
  ["Package.id?: (some tgl_kernel)", "7ef442a8c31d9d0a"],
  ["Module.leanArgs: #[]", "00000000000006bb"]],
 "depHash": "8a9fcc7f4dedfebe"}