{"synthetic": false,
 "schemaVersion": "2025-09-10",
 "outputs":
 {"o": ["1832c7ce79894930.olean"],
  "m": false,
  "i": "58ff09b32fed2c05.ilean",
  "c": "8955a1289c989aa1.c"},
 "log":
 [{"message":
   ".> LEAN_PATH=C:\\IALD\\Artigo\\Haja_Luz\\A Ponte e o Um\\tgl_kernel\\.lake\\packages\\Cli\\.lake\\build\\lib\\lean;C:\\IALD\\Artigo\\Haja_Luz\\A Ponte e o Um\\tgl_kernel\\.lake\\packages\\batteries\\.lake\\build\\lib\\lean;C:\\IALD\\Artigo\\Haja_Luz\\A Ponte e o Um\\tgl_kernel\\.lake\\packages\\Qq\\.lake\\build\\lib\\lean;C:\\IALD\\Artigo\\Haja_Luz\\A Ponte e o Um\\tgl_kernel\\.lake\\packages\\aesop\\.lake\\build\\lib\\lean;C:\\IALD\\Artigo\\Haja_Luz\\A Ponte e o Um\\tgl_kernel\\.lake\\packages\\proofwidgets\\.lake\\build\\lib\\lean;C:\\IALD\\Artigo\\Haja_Luz\\A Ponte e o Um\\tgl_kernel\\.lake\\packages\\importGraph\\.lake\\build\\lib\\lean;C:\\IALD\\Artigo\\Haja_Luz\\A Ponte e o Um\\tgl_kernel\\.lake\\packages\\LeanSearchClient\\.lake\\build\\lib\\lean;C:\\IALD\\Artigo\\Haja_Luz\\A Ponte e o Um\\tgl_kernel\\.lake\\packages\\plausible\\.lake\\build\\lib\\lean;C:\\IALD\\Artigo\\Haja_Luz\\A Ponte e o Um\\tgl_kernel\\.lake\\packages\\mathlib\\.lake\\build\\lib\\lean;C:\\IALD\\Artigo\\the_boundary\\tgl_kernel\\.lake\\build\\lib\\lean c:\\Users\\rotol\\.elan\\toolchains\\leanprover--lean4---v4.31.0\\bin\\lean.exe C:\\IALD\\Artigo\\the_boundary\\tgl_kernel\\TGLExt\\Commutant.lean -o C:\\IALD\\Artigo\\the_boundary\\tgl_kernel\\.lake\\build\\lib\\lean\\TGLExt\\Commutant.olean -i C:\\IALD\\Artigo\\the_boundary\\tgl_kernel\\.lake\\build\\lib\\lean\\TGLExt\\Commutant.ilean -c C:\\IALD\\Artigo\\the_boundary\\tgl_kernel\\.lake\\build\\ir\\TGLExt\\Commutant.c --setup C:\\IALD\\Artigo\\the_boundary\\tgl_kernel\\.lake\\build\\ir\\TGLExt\\Commutant.setup.json --json",
   "level": "trace"}],
 "inputs":
 [["TGLExt.Commutant:deps",
   [["deps",
     [["tgl_kernel/TGLExt:extraDep",
       [["@tgl_kernel:extraDep", "00000000000006bb"]]],
      ["imports",
       [["Mathlib transitive imports (legacy)", "41d2570f76c2764a"],
        ["Mathlib:importAllArts", "bbb4e5729d155599"]]]]],
    ["libs",
     [["import dynlibs", "00000000000006bb"],
      ["package external libraries", "00000000000006bb"],
      ["module dynlibs", "00000000000006bb"],
      ["module plugins", "00000000000006bb"]]]]],
  ["Lean 4.31.0, commit 68218e876d2a38b1985b8590fff244a83c321783",
   "fc45ac412f28501c"],
  ["C:\\IALD\\Artigo\\the_boundary\\tgl_kernel\\TGLExt\\Commutant.lean",
   "e11f2a1c772f0048"],
  ["options", "00000000000006bb"],
  ["isModule: false", "feefd2a0d3a1847e"],
  ["Module.name: TGLExt.Commutant", "38debb333e39a4cd"],
  ["Package.id?: (some tgl_kernel)", "7ef442a8c31d9d0a"],
  ["Module.leanArgs: #[]", "00000000000006bb"]],
 "depHash": "52a87dde1ef94d32"}