{"synthetic": false,
 "schemaVersion": "2025-09-10",
 "outputs":
 {"o": ["e0a559c3112a4104.olean"],
  "m": false,
  "i": "d0af629bf5c916ed.ilean",
  "c": "4592a46e4be1a1d0.c"},
 "log":
 [{"message":
   ".> LEAN_PATH=C:\\IALD\\Artigo\\Haja_Luz\\A Ponte e o Um\\tgl_kernel\\.lake\\packages\\Cli\\.lake\\build\\lib\\lean;C:\\IALD\\Artigo\\Haja_Luz\\A Ponte e o Um\\tgl_kernel\\.lake\\packages\\batteries\\.lake\\build\\lib\\lean;C:\\IALD\\Artigo\\Haja_Luz\\A Ponte e o Um\\tgl_kernel\\.lake\\packages\\Qq\\.lake\\build\\lib\\lean;C:\\IALD\\Artigo\\Haja_Luz\\A Ponte e o Um\\tgl_kernel\\.lake\\packages\\aesop\\.lake\\build\\lib\\lean;C:\\IALD\\Artigo\\Haja_Luz\\A Ponte e o Um\\tgl_kernel\\.lake\\packages\\proofwidgets\\.lake\\build\\lib\\lean;C:\\IALD\\Artigo\\Haja_Luz\\A Ponte e o Um\\tgl_kernel\\.lake\\packages\\importGraph\\.lake\\build\\lib\\lean;C:\\IALD\\Artigo\\Haja_Luz\\A Ponte e o Um\\tgl_kernel\\.lake\\packages\\LeanSearchClient\\.lake\\build\\lib\\lean;C:\\IALD\\Artigo\\Haja_Luz\\A Ponte e o Um\\tgl_kernel\\.lake\\packages\\plausible\\.lake\\build\\lib\\lean;C:\\IALD\\Artigo\\Haja_Luz\\A Ponte e o Um\\tgl_kernel\\.lake\\packages\\mathlib\\.lake\\build\\lib\\lean;C:\\IALD\\Artigo\\the_boundary\\tgl_kernel\\.lake\\build\\lib\\lean c:\\Users\\rotol\\.elan\\toolchains\\leanprover--lean4---v4.31.0\\bin\\lean.exe C:\\IALD\\Artigo\\the_boundary\\tgl_kernel\\TGLExt\\LeftRight.lean -o C:\\IALD\\Artigo\\the_boundary\\tgl_kernel\\.lake\\build\\lib\\lean\\TGLExt\\LeftRight.olean -i C:\\IALD\\Artigo\\the_boundary\\tgl_kernel\\.lake\\build\\lib\\lean\\TGLExt\\LeftRight.ilean -c C:\\IALD\\Artigo\\the_boundary\\tgl_kernel\\.lake\\build\\ir\\TGLExt\\LeftRight.c --setup C:\\IALD\\Artigo\\the_boundary\\tgl_kernel\\.lake\\build\\ir\\TGLExt\\LeftRight.setup.json --json",
   "level": "trace"}],
 "inputs":
 [["TGLExt.LeftRight:deps",
   [["deps",
     [["tgl_kernel/TGLExt:extraDep",
       [["@tgl_kernel:extraDep", "00000000000006bb"]]],
      ["imports",
       [["TGLExt.Commutant transitive imports (legacy)", "5b786c59c8c8a49f"],
        ["TGLExt.Commutant:importAllArts", "7087969c84ee51a1"]]]]],
    ["libs",
     [["import dynlibs", "00000000000006bb"],
      ["package external libraries", "00000000000006bb"],
      ["module dynlibs", "00000000000006bb"],
      ["module plugins", "00000000000006bb"]]]]],
  ["Lean 4.31.0, commit 68218e876d2a38b1985b8590fff244a83c321783",
   "fc45ac412f28501c"],
  ["C:\\IALD\\Artigo\\the_boundary\\tgl_kernel\\TGLExt\\LeftRight.lean",
   "1d63fc5d34efac14"],
  ["options", "00000000000006bb"],
  ["isModule: false", "feefd2a0d3a1847e"],
  ["Module.name: TGLExt.LeftRight", "7a7fd92c4deb25c8"],
  ["Package.id?: (some tgl_kernel)", "7ef442a8c31d9d0a"],
  ["Module.leanArgs: #[]", "00000000000006bb"]],
 "depHash": "b1e3a7509332cbed"}