tarefas: 30
{"arquivo": "H_l48_m0.01_s-1_d126.npz", "ell": 48, "mell": "0.01", "sinal": -1, "dps": 126, "nu_min": "2.5702e-72", "eps_max": 164.84216073168196, "reconstrucao": 3.3306690738754696e-16, "segundos": 11.7}
{"arquivo": "H_l48_m0.1_s+1_d126.npz", "ell": 48, "mell": "0.1", "sinal": 1, "dps": 126, "nu_min": "1.9955e-72", "eps_max": 165.09521118954146, "reconstrucao": 2.220446049250313e-16, "segundos": 11.7}
{"arquivo": "H_l48_m0_s+1_d126.npz", "ell": 48, "mell": "0", "sinal": 1, "dps": 126, "nu_min": "2.6344e-72", "eps_max": 164.8174875348273, "reconstrucao": 2.220446049250313e-16, "segundos": 12.0}
{"arquivo": "H_l48_m0.03_s+1_d126.npz", "ell": 48, "mell": "0.03", "sinal": 1, "dps": 126, "nu_min": "2.4301e-72", "eps_max": 164.8981908397435, "reconstrucao": 3.3306690738754696e-16, "segundos": 12.1}
{"arquivo": "H_l48_m0.1_s-1_d126.npz", "ell": 48, "mell": "0.1", "sinal": -1, "dps": 126, "nu_min": "1.9955e-72", "eps_max": 165.09521118954146, "reconstrucao": 2.220446049250313e-16, "segundos": 12.2}
{"arquivo": "H_l48_m0.01_s+1_d126.npz", "ell": 48, "mell": "0.01", "sinal": 1, "dps": 126, "nu_min": "2.5702e-72", "eps_max": 164.84216073168196, "reconstrucao": 3.3306690738754696e-16, "segundos": 12.6}
{"arquivo": "H_l48_m0.03_s-1_d126.npz", "ell": 48, "mell": "0.03", "sinal": -1, "dps": 126, "nu_min": "2.4301e-72", "eps_max": 164.8981908397435, "reconstrucao": 3.3306690738754696e-16, "segundos": 12.6}
{"arquivo": "H_l64_m0.1_s+1_d153.npz", "ell": 64, "mell": "0.1", "sinal": 1, "dps": 153, "nu_min": "7.3314e-97", "eps_max": 221.35858362441957, "reconstrucao": 3.3306690738754696e-16, "segundos": 26.5}
{"arquivo": "H_l64_m0_s+1_d153.npz", "ell": 64, "mell": "0", "sinal": 1, "dps": 153, "nu_min": "9.6908e-97", "eps_max": 221.07957626066715, "reconstrucao": 2.220446049250313e-16, "segundos": 26.6}
{"arquivo": "H_l64_m0.01_s+1_d153.npz", "ell": 64, "mell": "0.01", "sinal": 1, "dps": 153, "nu_min": "9.4468e-97", "eps_max": 221.1050762876766, "reconstrucao": 3.3306690738754696e-16, "segundos": 26.6}
{"arquivo": "H_l64_m0.03_s+1_d153.npz", "ell": 64, "mell": "0.03", "sinal": 1, "dps": 153, "nu_min": "8.9302e-97", "eps_max": 221.1613136539557, "reconstrucao": 3.3306690738754696e-16, "segundos": 26.8}
{"arquivo": "H_l64_m0.1_s-1_d153.npz", "ell": 64, "mell": "0.1", "sinal": -1, "dps": 153, "nu_min": "7.3314e-97", "eps_max": 221.35858362441957, "reconstrucao": 3.3306690738754696e-16, "segundos": 27.0}
{"arquivo": "H_l64_m0.01_s-1_d153.npz", "ell": 64, "mell": "0.01", "sinal": -1, "dps": 153, "nu_min": "9.4468e-97", "eps_max": 221.1050762876766, "reconstrucao": 3.3306690738754696e-16, "segundos": 27.1}
{"arquivo": "H_l64_m0.03_s-1_d153.npz", "ell": 64, "mell": "0.03", "sinal": -1, "dps": 153, "nu_min": "8.9302e-97", "eps_max": 221.1613136539557, "reconstrucao": 3.3306690738754696e-16, "segundos": 27.2}
{"arquivo": "H_l64_m0.03_s-1_d193.npz", "ell": 64, "mell": "0.03", "sinal": -1, "dps": 193, "nu_min": "8.9302e-97", "eps_max": 221.1613136539557, "reconstrucao": 3.3306690738754696e-16, "segundos": 29.2}
{"arquivo": "H_l64_m0.03_s+1_d193.npz", "ell": 64, "mell": "0.03", "sinal": 1, "dps": 193, "nu_min": "8.9302e-97", "eps_max": 221.1613136539557, "reconstrucao": 3.3306690738754696e-16, "segundos": 29.4}
{"arquivo": "H_l96_m0_s+1_d208.npz", "ell": 96, "mell": "0", "sinal": 1, "dps": 208, "nu_min": "1.2022e-145", "eps_max": 333.6906897929203, "reconstrucao": 2.7755575615628914e-16, "segundos": 85.4}
{"arquivo": "H_l96_m0.1_s+1_d208.npz", "ell": 96, "mell": "0.1", "sinal": 1, "dps": 208, "nu_min": "9.0834e-146", "eps_max": 333.9709782491096, "reconstrucao": 4.440892098500626e-16, "segundos": 85.4}
{"arquivo": "H_l96_m0.1_s-1_d208.npz", "ell": 96, "mell": "0.1", "sinal": -1, "dps": 208, "nu_min": "9.0834e-146", "eps_max": 333.9709782491096, "reconstrucao": 4.440892098500626e-16, "segundos": 86.2}
{"arquivo": "H_l96_m0.01_s+1_d208.npz", "ell": 96, "mell": "0.01", "sinal": 1, "dps": 208, "nu_min": "1.1709e-145", "eps_max": 333.717076541438, "reconstrucao": 3.3306690738754696e-16, "segundos": 86.4}
{"arquivo": "H_l96_m0.03_s+1_d208.npz", "ell": 96, "mell": "0.03", "sinal": 1, "dps": 208, "nu_min": "1.1067e-145", "eps_max": 333.77346658153346, "reconstrucao": 4.440892098500626e-16, "segundos": 86.4}
{"arquivo": "H_l96_m0.01_s-1_d208.npz", "ell": 96, "mell": "0.01", "sinal": -1, "dps": 208, "nu_min": "1.1709e-145", "eps_max": 333.717076541438, "reconstrucao": 3.3306690738754696e-16, "segundos": 86.7}
{"arquivo": "H_l96_m0.03_s-1_d208.npz", "ell": 96, "mell": "0.03", "sinal": -1, "dps": 208, "nu_min": "1.1067e-145", "eps_max": 333.77346658153346, "reconstrucao": 4.440892098500626e-16, "segundos": 87.0}
{"arquivo": "H_l128_m0_s+1_d262.npz", "ell": 128, "mell": "0", "sinal": 1, "dps": 262, "nu_min": "1.4047e-194", "eps_max": 446.36168387673973, "reconstrucao": 3.3306690738754696e-16, "segundos": 215.6}
{"arquivo": "H_l128_m0.1_s+1_d262.npz", "ell": 128, "mell": "0.1", "sinal": 1, "dps": 262, "nu_min": "1.0607e-194", "eps_max": 446.64261188482857, "reconstrucao": 4.440892098500626e-16, "segundos": 218.2}
{"arquivo": "H_l128_m0.01_s-1_d262.npz", "ell": 128, "mell": "0.01", "sinal": -1, "dps": 262, "nu_min": "1.3675e-194", "eps_max": 446.3885344081389, "reconstrucao": 4.440892098500626e-16, "segundos": 218.6}
{"arquivo": "H_l128_m0.1_s-1_d262.npz", "ell": 128, "mell": "0.1", "sinal": -1, "dps": 262, "nu_min": "1.0607e-194", "eps_max": 446.64261188482857, "reconstrucao": 4.440892098500626e-16, "segundos": 219.9}
{"arquivo": "H_l128_m0.03_s-1_d262.npz", "ell": 128, "mell": "0.03", "sinal": -1, "dps": 262, "nu_min": "1.2924e-194", "eps_max": 446.44498071341894, "reconstrucao": 3.3306690738754696e-16, "segundos": 220.1}
{"arquivo": "H_l128_m0.03_s+1_d262.npz", "ell": 128, "mell": "0.03", "sinal": 1, "dps": 262, "nu_min": "1.2924e-194", "eps_max": 446.44498071341894, "reconstrucao": 3.3306690738754696e-16, "segundos": 220.3}
{"arquivo": "H_l128_m0.01_s+1_d262.npz", "ell": 128, "mell": "0.01", "sinal": 1, "dps": 262, "nu_min": "1.3675e-194", "eps_max": 446.3885344081389, "reconstrucao": 4.440892098500626e-16, "segundos": 221.7}
total 222s
